Selenium service attribute string splitting

0) ['attribute', "'arg1'"]
1) ['attribute', "['arg1','arg2']"]
2) ['attribute', " [ 'arg1' , 'arg2' ]"]
